[DEBUG] dashboard_page: current_user.id=1, shift=<models.shift.Shift object at 0x00000277332CBED0>
[DEBUG] dashboard_page: found sessions=0, total=0
[DEBUG] dashboard_page: current_user.id=1, shift=None
[DEBUG] dashboard_page: current_user.id=2, shift=<models.shift.Shift object at 0x00000145CA6F57F0>
[DEBUG] dashboard_page: found sessions=0, total=0
[DEBUG] dashboard_page: current_user.id=2, shift=<models.shift.Shift object at 0x00000145CA788050>
[DEBUG] dashboard_page: found sessions=0, total=0
[DEBUG] dashboard_page: current_user.id=2, shift=<models.shift.Shift object at 0x00000145CA7882D0>
[DEBUG] dashboard_page: found sessions=0, total=0
[DEBUG] dashboard_page: current_user.id=2, shift=<models.shift.Shift object at 0x00000145CA7543E0>
[DEBUG] dashboard_page: found sessions=0, total=0
[DEBUG] dashboard_page: current_user.id=2, shift=None
[DEBUG] dashboard_page: current_user.id=2, shift=<models.shift.Shift object at 0x00000145CA785250>
[DEBUG] dashboard_page: found sessions=0, total=0
[DEBUG] dashboard_page: current_user.id=2, shift=None
[DEBUG] dashboard_page: current_user.id=2, shift=<models.shift.Shift object at 0x00000145CA7E57F0>
[DEBUG] dashboard_page: found sessions=0, total=0
[DEBUG] dashboard_page: current_user.id=2, shift=<models.shift.Shift object at 0x00000145CA7C9300>
[DEBUG] dashboard_page: found sessions=1, total=1
[DEBUG] dashboard_page: current_user.id=2, shift=<models.shift.Shift object at 0x00000145CA69EE10>
[DEBUG] dashboard_page: found sessions=1, total=1
[DEBUG] dashboard_page: current_user.id=2, shift=None
[DEBUG] dashboard_page: current_user.id=2, shift=<models.shift.Shift object at 0x00000145CA6CE360>
[DEBUG] dashboard_page: found sessions=0, total=0
[DEBUG] dashboard_page: current_user.id=2, shift=<models.shift.Shift object at 0x00000145CA6CE570>
[DEBUG] dashboard_page: found sessions=1, total=1
[DEBUG] dashboard_page: current_user.id=2, shift=<models.shift.Shift object at 0x000001D416BCC980>
[DEBUG] dashboard_page: found sessions=1, total=1
[DEBUG] dashboard_page: current_user.id=2, shift=<models.shift.Shift object at 0x000001D416CD42D0>
[DEBUG] dashboard_page: found sessions=1, total=1
[DEBUG] dashboard_page: current_user.id=2, shift=<models.shift.Shift object at 0x000001D416CD4690>
[DEBUG] dashboard_page: found sessions=1, total=1
[DEBUG] dashboard_page: current_user.id=2, shift=<models.shift.Shift object at 0x000001D416C5D810>
[DEBUG] dashboard_page: found sessions=1, total=1
[DEBUG] dashboard_page: current_user.id=2, shift=<models.shift.Shift object at 0x000001D416C5D220>
[DEBUG] dashboard_page: found sessions=1, total=1
[DEBUG] dashboard_page: current_user.id=2, shift=<models.shift.Shift object at 0x000001D416B5FBF0>
[DEBUG] dashboard_page: found sessions=1, total=1
[DEBUG] dashboard_page: current_user.id=2, shift=<models.shift.Shift object at 0x000001D4169CF350>
[DEBUG] dashboard_page: found sessions=1, total=1
[DEBUG] dashboard_page: current_user.id=2, shift=<models.shift.Shift object at 0x000001D4169CF680>
[DEBUG] dashboard_page: found sessions=1, total=1
[DEBUG] dashboard_page: current_user.id=2, shift=<models.shift.Shift object at 0x000001D416C34B50>
[DEBUG] dashboard_page: found sessions=1, total=1
[DEBUG] dashboard_page: current_user.id=2, shift=<models.shift.Shift object at 0x000001D416C34C50>
[DEBUG] dashboard_page: found sessions=1, total=1
[DEBUG] dashboard_page: current_user.id=2, shift=<models.shift.Shift object at 0x000001D416B872F0>
[DEBUG] dashboard_page: found sessions=1, total=1
[DEBUG] dashboard_page: current_user.id=2, shift=<models.shift.Shift object at 0x000001D416B87200>
[DEBUG] dashboard_page: found sessions=1, total=1
[DEBUG] dashboard_page: current_user.id=1, shift=<models.shift.Shift object at 0x00000218132DFED0>
[DEBUG] dashboard_page: found sessions=0, total=0
[DEBUG] dashboard_page: current_user.id=1, shift=None
[DEBUG] dashboard_page: current_user.id=2, shift=<models.shift.Shift object at 0x0000022F4075B620>
[DEBUG] dashboard_page: found sessions=1, total=1
[DEBUG] dashboard_page: current_user.id=2, shift=<models.shift.Shift object at 0x0000022F4077AFD0>
[DEBUG] dashboard_page: found sessions=1, total=1
[DEBUG] dashboard_page: current_user.id=2, shift=<models.shift.Shift object at 0x0000022F40778550>
[DEBUG] dashboard_page: found sessions=1, total=1
[DEBUG] dashboard_page: current_user.id=2, shift=<models.shift.Shift object at 0x0000022F408096E0>
[DEBUG] dashboard_page: found sessions=2, total=2
[DEBUG] dashboard_page: current_user.id=2, shift=<models.shift.Shift object at 0x0000022F40875490>
[DEBUG] dashboard_page: found sessions=2, total=2
[DEBUG] dashboard_page: current_user.id=2, shift=<models.shift.Shift object at 0x0000022F40860C00>
[DEBUG] dashboard_page: found sessions=2, total=2
[DEBUG] dashboard_page: current_user.id=2, shift=<models.shift.Shift object at 0x0000022F40860D10>
[DEBUG] dashboard_page: found sessions=2, total=2
[DEBUG] dashboard_page: current_user.id=2, shift=<models.shift.Shift object at 0x0000022F40831450>
[DEBUG] dashboard_page: found sessions=2, total=2
[DEBUG] dashboard_page: current_user.id=2, shift=<models.shift.Shift object at 0x00000159B73357F0>
[DEBUG] dashboard_page: found sessions=2, total=2
[DEBUG] dashboard_page: current_user.id=2, shift=<models.shift.Shift object at 0x00000159B73C8690>
[DEBUG] dashboard_page: found sessions=2, total=2
[DEBUG] dashboard_page: current_user.id=2, shift=<models.shift.Shift object at 0x00000159B72FBD90>
[DEBUG] dashboard_page: found sessions=2, total=2
[DEBUG] dashboard_page: current_user.id=2, shift=<models.shift.Shift object at 0x00000159B7395A70>
[DEBUG] dashboard_page: found sessions=2, total=2
[DEBUG] dashboard_page: current_user.id=2, shift=<models.shift.Shift object at 0x00000159B7394FC0>
[DEBUG] dashboard_page: found sessions=2, total=2
[DEBUG] dashboard_page: current_user.id=2, shift=None
[DEBUG] dashboard_page: current_user.id=2, shift=<models.shift.Shift object at 0x00000201FA54C8A0>
[DEBUG] dashboard_page: found sessions=0, total=0
[DEBUG] dashboard_page: current_user.id=2, shift=<models.shift.Shift object at 0x0000026A8CB14050>
[DEBUG] dashboard_page: found sessions=0, total=0
[DEBUG] dashboard_page: current_user.id=2, shift=<models.shift.Shift object at 0x0000026A8C9F96E0>
[DEBUG] dashboard_page: found sessions=0, total=0
[DEBUG] dashboard_page: current_user.id=2, shift=<models.shift.Shift object at 0x0000026A8CC4DC70>
[DEBUG] dashboard_page: found sessions=0, total=0
[DEBUG] dashboard_page: current_user.id=2, shift=<models.shift.Shift object at 0x0000026A8CBB8270>
[DEBUG] dashboard_page: found sessions=0, total=0
[DEBUG] dashboard_page: current_user.id=2, shift=<models.shift.Shift object at 0x0000026A8CC05B50>
[DEBUG] dashboard_page: found sessions=1, total=1
[DEBUG] dashboard_page: current_user.id=2, shift=<models.shift.Shift object at 0x0000026A8CB0F4D0>
[DEBUG] dashboard_page: found sessions=2, total=2
[DEBUG] dashboard_page: current_user.id=2, shift=<models.shift.Shift object at 0x0000026A8CC890F0>
[DEBUG] dashboard_page: found sessions=2, total=2
[DEBUG] dashboard_page: current_user.id=2, shift=<models.shift.Shift object at 0x0000026A8CBC5A50>
[DEBUG] dashboard_page: found sessions=2, total=2
[DEBUG] dashboard_page: current_user.id=2, shift=<models.shift.Shift object at 0x0000026A8CAFEE10>
[DEBUG] dashboard_page: found sessions=2, total=2
[DEBUG] dashboard_page: current_user.id=2, shift=<models.shift.Shift object at 0x0000026A8CC18AA0>
[DEBUG] dashboard_page: found sessions=3, total=3
[DEBUG] dashboard_page: current_user.id=2, shift=<models.shift.Shift object at 0x0000026A8CC18EC0>
[DEBUG] dashboard_page: found sessions=3, total=3
[DEBUG] dashboard_page: current_user.id=2, shift=<models.shift.Shift object at 0x0000026A8CC19860>
[DEBUG] dashboard_page: found sessions=3, total=3
[DEBUG] dashboard_page: current_user.id=2, shift=<models.shift.Shift object at 0x0000026A8CC19B20>
[DEBUG] dashboard_page: found sessions=4, total=4
[DEBUG] dashboard_page: current_user.id=2, shift=<models.shift.Shift object at 0x0000026A8CC19C80>
[DEBUG] dashboard_page: found sessions=4, total=4
[DEBUG] dashboard_page: current_user.id=2, shift=<models.shift.Shift object at 0x0000026A8CC197B0>
[DEBUG] dashboard_page: found sessions=4, total=4
[DEBUG] dashboard_page: current_user.id=2, shift=<models.shift.Shift object at 0x0000026A8CC19BD0>
[DEBUG] dashboard_page: found sessions=4, total=4
[DEBUG] dashboard_page: current_user.id=2, shift=<models.shift.Shift object at 0x0000026A8CC18C00>
[DEBUG] dashboard_page: found sessions=4, total=4
[DEBUG] dashboard_page: current_user.id=2, shift=<models.shift.Shift object at 0x0000026A8CC194F0>
[DEBUG] dashboard_page: found sessions=5, total=5
[DEBUG] dashboard_page: current_user.id=2, shift=<models.shift.Shift object at 0x0000026A8CC19910>
[DEBUG] dashboard_page: found sessions=5, total=5
[DEBUG] dashboard_page: current_user.id=2, shift=<models.shift.Shift object at 0x0000026A8CC18B50>
[DEBUG] dashboard_page: found sessions=5, total=5
[DEBUG] dashboard_page: current_user.id=2, shift=<models.shift.Shift object at 0x0000026A8CC18470>
[DEBUG] dashboard_page: found sessions=5, total=5
[DEBUG] dashboard_page: current_user.id=2, shift=<models.shift.Shift object at 0x0000026A8CC19F40>
[DEBUG] dashboard_page: found sessions=5, total=5
[DEBUG] dashboard_page: current_user.id=2, shift=<models.shift.Shift object at 0x0000026A8CC1A2B0>
[DEBUG] dashboard_page: found sessions=5, total=5
[DEBUG] dashboard_page: current_user.id=2, shift=<models.shift.Shift object at 0x0000026A8CC19700>
[DEBUG] dashboard_page: found sessions=5, total=5
[DEBUG] dashboard_page: current_user.id=2, shift=<models.shift.Shift object at 0x0000026A8CC18AA0>
[DEBUG] dashboard_page: found sessions=6, total=6
[DEBUG] dashboard_page: current_user.id=2, shift=<models.shift.Shift object at 0x0000026A8CC1A2B0>
[DEBUG] dashboard_page: found sessions=6, total=6
[DEBUG] dashboard_page: current_user.id=2, shift=<models.shift.Shift object at 0x0000026A8CC18AA0>
[DEBUG] dashboard_page: found sessions=6, total=6
[DEBUG] dashboard_page: current_user.id=2, shift=<models.shift.Shift object at 0x0000026A8CC19700>
[DEBUG] dashboard_page: found sessions=6, total=6
[DEBUG] dashboard_page: current_user.id=2, shift=<models.shift.Shift object at 0x0000026A8CC19FF0>
[DEBUG] dashboard_page: found sessions=6, total=6
[DEBUG] dashboard_page: current_user.id=2, shift=<models.shift.Shift object at 0x0000026A8CC1A200>
[DEBUG] dashboard_page: found sessions=6, total=6
[DEBUG] dashboard_page: current_user.id=2, shift=<models.shift.Shift object at 0x0000026A8CC1A0A0>
[DEBUG] dashboard_page: found sessions=6, total=6
[DEBUG] dashboard_page: current_user.id=2, shift=<models.shift.Shift object at 0x0000026A8CC19440>
[DEBUG] dashboard_page: found sessions=6, total=6
[DEBUG] dashboard_page: current_user.id=2, shift=<models.shift.Shift object at 0x0000026A8CC1A200>
[DEBUG] dashboard_page: found sessions=6, total=6
[DEBUG] dashboard_page: current_user.id=2, shift=<models.shift.Shift object at 0x0000026A8CC18B50>
[DEBUG] dashboard_page: found sessions=6, total=6
[DEBUG] dashboard_page: current_user.id=2, shift=<models.shift.Shift object at 0x0000026A8CC18730>
[DEBUG] dashboard_page: found sessions=6, total=6
[DEBUG] dashboard_page: current_user.id=2, shift=<models.shift.Shift object at 0x0000026A8CC199C0>
[DEBUG] dashboard_page: found sessions=7, total=7
[DEBUG] dashboard_page: current_user.id=2, shift=<models.shift.Shift object at 0x0000026A8CC194F0>
[DEBUG] dashboard_page: found sessions=7, total=7
[DEBUG] dashboard_page: current_user.id=2, shift=<models.shift.Shift object at 0x0000026A8CC199C0>
[DEBUG] dashboard_page: found sessions=7, total=7
[DEBUG] dashboard_page: current_user.id=2, shift=<models.shift.Shift object at 0x0000026A8CC18C00>
[DEBUG] dashboard_page: found sessions=8, total=8
[DEBUG] dashboard_page: current_user.id=2, shift=<models.shift.Shift object at 0x0000026A8CC19A70>
[DEBUG] dashboard_page: found sessions=8, total=8
[DEBUG] dashboard_page: current_user.id=1, shift=<models.shift.Shift object at 0x000001C4623C3ED0>
[DEBUG] dashboard_page: found sessions=0, total=0
[DEBUG] dashboard_page: current_user.id=1, shift=None
[DEBUG] dashboard_page: current_user.id=2, shift=<models.shift.Shift object at 0x0000026A8CC1A200>
[DEBUG] dashboard_page: found sessions=9, total=9
[DEBUG] dashboard_page: current_user.id=2, shift=<models.shift.Shift object at 0x0000026A8CC19F40>
[DEBUG] dashboard_page: found sessions=9, total=9
[DEBUG] dashboard_page: current_user.id=2, shift=<models.shift.Shift object at 0x0000026A8CC1A0A0>
[DEBUG] dashboard_page: found sessions=9, total=9
[DEBUG] dashboard_page: current_user.id=2, shift=<models.shift.Shift object at 0x0000026A8CC18E10>
[DEBUG] dashboard_page: found sessions=10, total=10
[DEBUG] dashboard_page: current_user.id=2, shift=<models.shift.Shift object at 0x0000026A8CC18C00>
[DEBUG] dashboard_page: found sessions=10, total=10
[DEBUG] dashboard_page: current_user.id=2, shift=<models.shift.Shift object at 0x0000026A8CC19FF0>
[DEBUG] dashboard_page: found sessions=10, total=11
[DEBUG] dashboard_page: current_user.id=2, shift=<models.shift.Shift object at 0x0000026A8CC19BD0>
[DEBUG] dashboard_page: found sessions=10, total=11
[DEBUG] dashboard_page: current_user.id=2, shift=<models.shift.Shift object at 0x0000026A8CC1A150>
[DEBUG] dashboard_page: found sessions=10, total=12
[DEBUG] dashboard_page: current_user.id=2, shift=<models.shift.Shift object at 0x0000026A8CC19180>
[DEBUG] dashboard_page: found sessions=10, total=12
[DEBUG] dashboard_page: current_user.id=1, shift=<models.shift.Shift object at 0x0000011DF9FB7D90>
[DEBUG] dashboard_page: found sessions=0, total=0
[DEBUG] dashboard_page: current_user.id=1, shift=None
[DEBUG] dashboard_page: current_user.id=2, shift=<models.shift.Shift object at 0x0000026A8CC1A150>
[DEBUG] dashboard_page: found sessions=10, total=13
[DEBUG] dashboard_page: current_user.id=2, shift=<models.shift.Shift object at 0x0000026A8CC18730>
[DEBUG] dashboard_page: found sessions=10, total=13
[DEBUG] dashboard_page: current_user.id=2, shift=<models.shift.Shift object at 0x0000026A8CC197B0>
[DEBUG] dashboard_page: found sessions=10, total=13
[DEBUG] dashboard_page: current_user.id=2, shift=<models.shift.Shift object at 0x0000026A8CC19180>
[DEBUG] dashboard_page: found sessions=10, total=14
[DEBUG] dashboard_page: current_user.id=2, shift=<models.shift.Shift object at 0x0000026A8CC19910>
[DEBUG] dashboard_page: found sessions=10, total=14
[DEBUG] dashboard_page: current_user.id=2, shift=<models.shift.Shift object at 0x0000026A8CC19C80>
[DEBUG] dashboard_page: found sessions=10, total=15
[DEBUG] dashboard_page: current_user.id=2, shift=<models.shift.Shift object at 0x0000026A8CC1A410>
[DEBUG] dashboard_page: found sessions=10, total=15
[DEBUG] dashboard_page: current_user.id=2, shift=<models.shift.Shift object at 0x0000026A8CC1A410>
[DEBUG] dashboard_page: found sessions=10, total=16
[DEBUG] dashboard_page: current_user.id=2, shift=<models.shift.Shift object at 0x0000026A8CC195A0>
[DEBUG] dashboard_page: found sessions=10, total=16
[DEBUG] dashboard_page: current_user.id=2, shift=<models.shift.Shift object at 0x0000026A8CC19910>
[DEBUG] dashboard_page: found sessions=10, total=17
[DEBUG] dashboard_page: current_user.id=2, shift=<models.shift.Shift object at 0x0000026A8CC1A360>
[DEBUG] dashboard_page: found sessions=10, total=17
[DEBUG] dashboard_page: current_user.id=2, shift=<models.shift.Shift object at 0x0000026A8CC18E10>
[DEBUG] dashboard_page: found sessions=10, total=17
[DEBUG] dashboard_page: current_user.id=2, shift=<models.shift.Shift object at 0x0000026A8CC197B0>
[DEBUG] dashboard_page: found sessions=10, total=18
[DEBUG] dashboard_page: current_user.id=2, shift=<models.shift.Shift object at 0x0000026A8CC192E0>
[DEBUG] dashboard_page: found sessions=10, total=18
[DEBUG] dashboard_page: current_user.id=2, shift=<models.shift.Shift object at 0x0000026A8CC18470>
[DEBUG] dashboard_page: found sessions=10, total=19
[DEBUG] dashboard_page: current_user.id=2, shift=<models.shift.Shift object at 0x0000026A8CC18C00>
[DEBUG] dashboard_page: found sessions=10, total=20
[DEBUG] dashboard_page: current_user.id=2, shift=<models.shift.Shift object at 0x0000026A8CC1A410>
[DEBUG] dashboard_page: found sessions=10, total=20
[DEBUG] dashboard_page: current_user.id=2, shift=<models.shift.Shift object at 0x0000026A8CC19A70>
[DEBUG] dashboard_page: found sessions=10, total=20
